20:23:06 **** Build of configuration Debug for project TPL1_v1 ****
make -r -j3 all 
Building file: ../src/cr_startup_lpc175x_6x.c
Building file: ../src/crp.c
Building file: ../src/main.c
Invoking: MCU C Compiler
arm-none-eabi-gcc -std=c11 -DDEBUG -D__CODE_RED -DCORE_M3 -D__LPC17XX__ -D__REDLIB__ -I"/Users/alejandro/Documents/MCUXpressoIDE_10.2.0/workspace/ChipDriverLibrary/inc" -I"/Users/alejandro/Documents/MCUXpressoIDE_10.2.0/workspace/InfotronicDriverLibrary/inc" -O0 -fno-common -g3 -Wall -c -fmessage-length=0 -fno-builtin -ffunction-sections -fdata-sections -mcpu=cortex-m3 -mthumb -specs=redlib.specs -MMD -MP -MF"src/cr_startup_lpc175x_6x.d" -MT"src/cr_startup_lpc175x_6x.o" -MT"src/cr_startup_lpc175x_6x.d" -o "src/cr_startup_lpc175x_6x.o" "../src/cr_startup_lpc175x_6x.c"
Invoking: MCU C Compiler
arm-none-eabi-gcc -std=c11 -DDEBUG -D__CODE_RED -DCORE_M3 -D__LPC17XX__ -D__REDLIB__ -I"/Users/alejandro/Documents/MCUXpressoIDE_10.2.0/workspace/ChipDriverLibrary/inc" -I"/Users/alejandro/Documents/MCUXpressoIDE_10.2.0/workspace/InfotronicDriverLibrary/inc" -O0 -fno-common -g3 -Wall -c -fmessage-length=0 -fno-builtin -ffunction-sections -fdata-sections -mcpu=cortex-m3 -mthumb -specs=redlib.specs -MMD -MP -MF"src/crp.d" -MT"src/crp.o" -MT"src/crp.d" -o "src/crp.o" "../src/crp.c"
Invoking: MCU C Compiler
arm-none-eabi-gcc -std=c11 -DDEBUG -D__CODE_RED -DCORE_M3 -D__LPC17XX__ -D__REDLIB__ -I"/Users/alejandro/Documents/MCUXpressoIDE_10.2.0/workspace/ChipDriverLibrary/inc" -I"/Users/alejandro/Documents/MCUXpressoIDE_10.2.0/workspace/InfotronicDriverLibrary/inc" -O0 -fno-common -g3 -Wall -c -fmessage-length=0 -fno-builtin -ffunction-sections -fdata-sections -mcpu=cortex-m3 -mthumb -specs=redlib.specs -MMD -MP -MF"src/main.d" -MT"src/main.o" -MT"src/main.d" -o "src/main.o" "../src/main.c"
Finished building: ../src/crp.c
 
Finished building: ../src/main.c
 
Finished building: ../src/cr_startup_lpc175x_6x.c
 
Building target: TPL1_v1.axf
Invoking: MCU Linker
arm-none-eabi-gcc -nostdlib -L"/Users/alejandro/Documents/MCUXpressoIDE_10.2.0/workspace/ChipDriverLibrary/Debug" -L"/Users/alejandro/Documents/MCUXpressoIDE_10.2.0/workspace/InfotronicDriverLibrary/Debug" -Xlinker -Map="TPL1_v1.map" -Xlinker --gc-sections -Xlinker -print-memory-usage -mcpu=cortex-m3 -mthumb -T "TPL1_v1_Debug.ld" -o "TPL1_v1.axf"  ./src/cr_startup_lpc175x_6x.o ./src/crp.o ./src/main.o   
Memory region         Used Size  Region Size  %age Used
       MFlash512:         792 B       512 KB      0.15%
        RamLoc32:           4 B        32 KB      0.01%
        RamAHB32:          0 GB        32 KB      0.00%
Finished building target: TPL1_v1.axf
 
make --no-print-directory post-build
Performing post-build steps
arm-none-eabi-size "TPL1_v1.axf"; # arm-none-eabi-objcopy -v -O binary "TPL1_v1.axf" "TPL1_v1.bin" ; # checksum -p LPC1769 -d "TPL1_v1.bin";
   text	   data	    bss	    dec	    hex	filename
    792	      0	      4	    796	    31c	TPL1_v1.axf
 

20:23:07 Build Finished (took 303ms)

